*9
$12
AI.TENSORSET
$5
karen
$5
INT64
$1
1
$1
3
$6
VALUES
$19
1578182400000000000
$1
9
$1
2
*9
$12
AI.TENSORSET
$7
patrick
$5
INT64
$1
1
$1
3
$6
VALUES
$19
1578182400000000000
$4
5000
$1
3
